$ expo install --check
env: load .env.local
env: export EXPO_PUBLIC_ACCOUNT_DELETION_URL EXPO_PUBLIC_MAPBOX_ACCESS_TOKEN EXPO_PUBLIC_PRIVACY_POLICY_URL EXPO_PUBLIC_SUPABASE_PUBLISHABLE_KEY EXPO_PUBLIC_SUPABASE_URL
The following packages should be updated for best compatibility with the installed expo version:
  @expo/metro-runtime@57.0.11 - expected version: ~57.0.16
  @expo/ui@57.0.11 - expected version: ~57.0.20
  expo@57.0.14 - expected version: ~57.0.25
  expo-battery@57.0.2 - expected version: ~57.0.3
  expo-constants@57.0.12 - expected version: ~57.0.19
  expo-crypto@57.0.1 - expected version: ~57.0.3
  expo-dev-client@57.0.13 - expected version: ~57.0.19
  expo-device@57.0.1 - expected version: ~57.0.2
  expo-file-system@57.0.4 - expected version: ~57.0.7
  expo-font@57.0.1 - expected version: ~57.0.4
  expo-glass-effect@57.0.1 - expected version: ~57.0.4
  expo-image@57.0.3 - expected version: ~57.0.5
  expo-linking@57.0.6 - expected version: ~57.0.11
  expo-location@57.0.11 - expected version: ~57.0.20
  expo-router@57.0.14 - expected version: ~57.0.23
  expo-secure-store@57.0.1 - expected version: ~57.0.4
  expo-sensors@57.0.2 - expected version: ~57.0.3
  expo-sharing@57.0.13 - expected version: ~57.0.22
  expo-splash-screen@57.0.7 - expected version: ~57.0.9
  expo-sqlite@57.0.1 - expected version: ~57.0.3
  expo-symbols@57.0.2 - expected version: ~57.0.3
  expo-system-ui@57.0.2 - expected version: ~57.0.4
  expo-task-manager@57.0.11 - expected version: ~57.0.20
  expo-web-browser@57.0.2 - expected version: ~57.0.3
  react-native@0.86.2 - expected version: 0.86.3
  eslint-config-expo@57.0.1 - expected version: ~57.0.2
  jest-expo@57.0.4 - expected version: ~57.0.5
Your project may not work correctly until you install the expected versions of the packages.
Found outdated dependencies
[ELIFECYCLE] Command failed with exit code 1.
