E/AndroidRuntime(23119): FATAL EXCEPTION: OkHttp Dispatcher
E/AndroidRuntime(23119): Process: com.xxvalhallacoderxx.xcmvp.stage1qa, PID: 23119
E/AndroidRuntime(23119): java.lang.SecurityException: Permission denied (missing INTERNET permission?)
E/AndroidRuntime(23119): 	at java.net.Inet6AddressImpl.lookupHostByName(Inet6AddressImpl.java:150)
E/AndroidRuntime(23119): 	at java.net.Inet6AddressImpl.lookupAllHostAddr(Inet6AddressImpl.java:103)
E/AndroidRuntime(23119): 	at java.net.InetAddress.getAllByName(InetAddress.java:1152)
E/AndroidRuntime(23119): 	at okhttp3.Dns$Companion$DnsSystem.lookup(Dns.kt:49)
E/AndroidRuntime(23119): 	at okhttp3.internal.connection.RouteSelector.resetNextInetSocketAddress(RouteSelector.kt:164)
E/AndroidRuntime(23119): 	at okhttp3.internal.connection.RouteSelector.nextProxy(RouteSelector.kt:129)
E/AndroidRuntime(23119): 	at okhttp3.internal.connection.RouteSelector.next(RouteSelector.kt:71)
E/AndroidRuntime(23119): 	at okhttp3.internal.connection.ExchangeFinder.findConnection(ExchangeFinder.kt:205)
E/AndroidRuntime(23119): 	at okhttp3.internal.connection.ExchangeFinder.findHealthyConnection(ExchangeFinder.kt:106)
E/AndroidRuntime(23119): 	at okhttp3.internal.connection.ExchangeFinder.find(ExchangeFinder.kt:74)
E/AndroidRuntime(23119): 	at okhttp3.internal.connection.RealCall.initExchange$okhttp(RealCall.kt:255)
E/AndroidRuntime(23119): 	at okhttp3.internal.connection.ConnectInterceptor.intercept(ConnectInterceptor.kt:32)
E/AndroidRuntime(23119): 	at okhttp3.internal.http.RealInterceptorChain.proceed(RealInterceptorChain.kt:109)
E/AndroidRuntime(23119): 	at okhttp3.internal.cache.CacheInterceptor.intercept(CacheInterceptor.kt:95)
E/AndroidRuntime(23119): 	at okhttp3.internal.http.RealInterceptorChain.proceed(RealInterceptorChain.kt:109)
E/AndroidRuntime(23119): 	at okhttp3.internal.http.BridgeInterceptor.intercept(BridgeInterceptor.kt:83)
E/AndroidRuntime(23119): 	at okhttp3.internal.http.RealInterceptorChain.proceed(RealInterceptorChain.kt:109)
E/AndroidRuntime(23119): 	at okhttp3.internal.http.RetryAndFollowUpInterceptor.intercept(RetryAndFollowUpInterceptor.kt:76)
E/AndroidRuntime(23119): 	at okhttp3.internal.http.RealInterceptorChain.proceed(RealInterceptorChain.kt:109)
E/AndroidRuntime(23119): 	at expo.modules.image.okhttp.GlideUrlWrapperLoader.buildLoadData$lambda$1(GlideUrlWrapperLoader.kt:27)
E/AndroidRuntime(23119): 	at expo.modules.image.okhttp.GlideUrlWrapperLoader.$r8$lambda$juRaK0_CUlKQnqVa91yiYH2qPww(GlideUrlWrapperLoader.kt:0)
E/AndroidRuntime(23119): 	at expo.modules.image.okhttp.GlideUrlWrapperLoader$$ExternalSyntheticLambda0.intercept(D8$$SyntheticClass:0)
E/AndroidRuntime(23119): 	at okhttp3.internal.http.RealInterceptorChain.proceed(RealInterceptorChain.kt:109)
E/AndroidRuntime(23119): 	at okhttp3.internal.connection.RealCall.getResponseWithInterceptorChain$okhttp(RealCall.kt:201)
E/AndroidRuntime(23119): 	at okhttp3.internal.connection.RealCall$AsyncCall.run(RealCall.kt:517)
E/AndroidRuntime(23119): 	at java.util.concurrent.ThreadPoolExecutor.runWorker(ThreadPoolExecutor.java:1100)
E/AndroidRuntime(23119): 	at java.util.concurrent.ThreadPoolExecutor$Worker.run(ThreadPoolExecutor.java:624)
E/AndroidRuntime(23119): 	at java.lang.Thread.run(Thread.java:1572)
E/AndroidRuntime(23119): Caused by: android.system.GaiException: android_getaddrinfo failed: EAI_NODATA (No address associated with hostname)
E/AndroidRuntime(23119): 	at libcore.io.Linux.android_getaddrinfo(Native Method)
E/AndroidRuntime(23119): 	at libcore.io.ForwardingOs.android_getaddrinfo(ForwardingOs.java:134)
E/AndroidRuntime(23119): 	at libcore.io.BlockGuardOs.android_getaddrinfo(BlockGuardOs.java:222)
E/AndroidRuntime(23119): 	at libcore.io.ForwardingOs.android_getaddrinfo(ForwardingOs.java:134)
E/AndroidRuntime(23119): 	at java.net.Inet6AddressImpl.lookupHostByName(Inet6AddressImpl.java:135)
E/AndroidRuntime(23119): 	... 27 more
E/AndroidRuntime(23119): Caused by: android.system.ErrnoException: android_getaddrinfo failed: EPERM (Operation not permitted)
E/AndroidRuntime(23119): 	... 32 more
