✓ Lockfile passes supply-chain policies (verified 9h ago)
Lockfile is up to date, resolution step is skipped
Already up to date

Done in 2.4s using pnpm v11.8.0
env: load .env.local
env: export EXPO_PUBLIC_ACCOUNT_DELETION_URL EXPO_PUBLIC_MAPBOX_ACCESS_TOKEN EXPO_PUBLIC_PRIVACY_POLICY_URL EXPO_PUBLIC_SUPABASE_PUBLISHABLE_KEY EXPO_PUBLIC_SUPABASE_URL
Using src/app as the root directory for Expo Router.
React Compiler enabled
Starting Metro Bundler

| (node:1125208) Warning: The 'NO_COLOR' env is ignored due to the 'FORCE_COLOR' env being set.
| (Use `node --trace-warnings ...` to show where the warning was created)
| (node:1125208) Warning: The 'NO_COLOR' env is ignored due to the 'FORCE_COLOR' env being set.
| (Use `node --trace-warnings ...` to show where the warning was created)
Android Bundled 68661ms index.js (2506 modules)

› Assets (41):
assets/images/journal/flight.png (2.2MB)
assets/images/journal/landing.png (2.6MB)
assets/images/journal/launch.png (2.4MB)
node_modules/.pnpm/@expo-google-fonts+bricolage-grotesque@0.4.1/node_modules/@expo-google-fonts/bricolage-grotesque/400Regular/BricolageGrotesque_400Regular.ttf (91KB)
node_modules/.pnpm/@expo-google-fonts+bricolage-grotesque@0.4.1/node_modules/@expo-google-fonts/bricolage-grotesque/500Medium/BricolageGrotesque_500Medium.ttf (91KB)
node_modules/.pnpm/@expo-google-fonts+bricolage-grotesque@0.4.1/node_modules/@expo-google-fonts/bricolage-grotesque/600SemiBold/BricolageGrotesque_600SemiBold.ttf (91KB)
node_modules/.pnpm/@expo-google-fonts+bricolage-grotesque@0.4.1/node_modules/@expo-google-fonts/bricolage-grotesque/700Bold/BricolageGrotesque_700Bold.ttf (91KB)
node_modules/.pnpm/@expo-google-fonts+bricolage-grotesque@0.4.1/node_modules/@expo-google-fonts/bricolage-grotesque/800ExtraBold/BricolageGrotesque_800ExtraBold.ttf (91KB)
node_modules/.pnpm/@expo-google-fonts+ibm-plex-mono@0.4.1/node_modules/@expo-google-fonts/ibm-plex-mono/400Regular/IBMPlexMono_400Regular.ttf (134KB)
node_modules/.pnpm/@expo-google-fonts+ibm-plex-mono@0.4.1/node_modules/@expo-google-fonts/ibm-plex-mono/500Medium/IBMPlexMono_500Medium.ttf (135KB)
node_modules/.pnpm/@expo-google-fonts+ibm-plex-mono@0.4.1/node_modules/@expo-google-fonts/ibm-plex-mono/600SemiBold/IBMPlexMono_600SemiBold.ttf (138KB)
node_modules/.pnpm/@expo-google-fonts+material-symbols@0.4.43/node_modules/@expo-google-fonts/material-symbols/400Regular/MaterialSymbols_400Regular.ttf (962KB)
node_modules/.pnpm/@rnmapbox+maps@10.3.5_patch_hash=5261580fbdaa062ed96cbdde600db5f32c76a7ac4140fec239ae6a_27963ad452feb1e4a1d1010e0bf7af78/node_modules/@rnmapbox/maps/lib/module/assets/heading.png (3 variations | 450B)
node_modules/.pnpm/expo-router@57.0.14_099f9bddf7de17e13748c0c885dd7096/node_modules/expo-router/assets/arrow_down.png (9.5KB)
node_modules/.pnpm/expo-router@57.0.14_099f9bddf7de17e13748c0c885dd7096/node_modules/expo-router/assets/arrow_right.xml (307B)
node_modules/.pnpm/expo-router@57.0.14_099f9bddf7de17e13748c0c885dd7096/node_modules/expo-router/assets/checkmark.xml (312B)
node_modules/.pnpm/expo-router@57.0.14_099f9bddf7de17e13748c0c885dd7096/node_modules/expo-router/assets/error.png (469B)
node_modules/.pnpm/expo-router@57.0.14_099f9bddf7de17e13748c0c885dd7096/node_modules/expo-router/assets/file.png (138B)
node_modules/.pnpm/expo-router@57.0.14_099f9bddf7de17e13748c0c885dd7096/node_modules/expo-router/assets/forward.png (188B)
node_modules/.pnpm/expo-router@57.0.14_099f9bddf7de17e13748c0c885dd7096/node_modules/expo-router/assets/pkg.png (364B)
node_modules/.pnpm/expo-router@57.0.14_099f9bddf7de17e13748c0c885dd7096/node_modules/expo-router/assets/react-navigation/elements/back-icon-mask.png (653B)
node_modules/.pnpm/expo-router@57.0.14_099f9bddf7de17e13748c0c885dd7096/node_modules/expo-router/assets/react-navigation/elements/back-icon.png (4 variations | 152B)
node_modules/.pnpm/expo-router@57.0.14_099f9bddf7de17e13748c0c885dd7096/node_modules/expo-router/assets/react-navigation/elements/clear-icon.png (4 variations | 425B)
node_modules/.pnpm/expo-router@57.0.14_099f9bddf7de17e13748c0c885dd7096/node_modules/expo-router/assets/react-navigation/elements/close-icon.png (4 variations | 235B)
node_modules/.pnpm/expo-router@57.0.14_099f9bddf7de17e13748c0c885dd7096/node_modules/expo-router/assets/react-navigation/elements/search-icon.png (4 variations | 599B)
node_modules/.pnpm/expo-router@57.0.14_099f9bddf7de17e13748c0c885dd7096/node_modules/expo-router/assets/sitemap.png (465B)
node_modules/.pnpm/expo-router@57.0.14_099f9bddf7de17e13748c0c885dd7096/node_modules/expo-router/assets/unmatched.png (4.8KB)

› android bundles (1):
_expo/static/js/android/index-944fdd52b6aed1a60a3cab9d900d0ddd.hbc (7.2MB)

› web bundles (1):
_expo/static/css/global-d41d8cd98f00b204e9800998ecf8427e.css (0B)

› Files (1):
metadata.json (2.7KB)

Exported: .artifacts/stage6/android-export-final
